```
cat /proc/meminfo
MemTotal:       32785820 kB
MemFree:         6271172 kB
MemAvailable:   18750224 kB
Buffers:         1404144 kB
Cached:          9918108 kB
SwapCached:            0 kB
Active:         18498016 kB
Inactive:        5386480 kB
Active(anon):   12571008 kB
Inactive(anon):   263372 kB
Active(file):    5927008 kB
Inactive(file):  5123108 kB
Unevictable:       14824 kB
Mlocked:           14824 kB
SwapTotal:       2097148 kB
SwapFree:        2097148 kB
Dirty:               224 kB
Writeback:             0 kB
AnonPages:      12577304 kB
Mapped:          1420528 kB
Shmem:            274404 kB
KReclaimable:    1896736 kB
Slab:            2170428 kB
SReclaimable:    1896736 kB
SUnreclaim:       273692 kB
KernelStack:       28464 kB
PageTables:       122016 kB
NFS_Unstable:          0 kB
Bounce:                0 kB
WritebackTmp:          0 kB
CommitLimit:    18490056 kB
Committed_AS:   21267444 kB
VmallocTotal:   34359738367 kB
VmallocUsed:       93912 kB
VmallocChunk:          0 kB
Percpu:            13888 kB
HardwareCorrupted:     0 kB
AnonHugePages:         0 kB
ShmemHugePages:        0 kB
ShmemPmdMapped:        0 kB
FileHugePages:         0 kB
FilePmdMapped:         0 kB
CmaTotal:              0 kB
CmaFree:               0 kB
HugePages_Total:       0
HugePages_Free:        0
HugePages_Rsvd:        0
HugePages_Surp:        0
Hugepagesize:       2048 kB
Hugetlb:               0 kB
DirectMap4k:     1035452 kB
DirectMap2M:    22986752 kB
DirectMap1G:    10485760 kB
```
